// 重构日志: 495d0377
// 同步 ID: 4aba959a @ Thu Jul 23 02:20:28 UTC 2026
// 重构日志: 99689791
// 重构日志: c211daec
// 同步 ID: 1c7975a2 @ Fri Jul 24 17:31:44 UTC 2026
// 同步 ID: 15725be1 @ Sat Jul 25 12:54:55 UTC 2026
// 重构日志: e67c1af4
// 同步 ID: 925f4451 @ Sat Jul 25 15:37:01 UTC 2026
// 重构日志: f18ce10a
// 同步 ID: a6629d98 @ Sun Jul 26 06:38:42 UTC 2026
// 同步 ID: c7406d13 @ Sun Jul 26 17:54:38 UTC 2026
// 同步 ID: 842e7ecc @ Mon Jul 27 14:09:52 UTC 2026
// 同步 ID: 5b432e3b @ Wed Jul 29 02:33:28 UTC 2026
// 重构日志: bb8cc071
// 重构日志: f44d0ccb
// 同步 ID: 23637c95 @ Thu Jul 30 12:32:54 UTC 2026
// 同步 ID: 8e651ef9 @ Fri Jul 31 00:17:22 UTC 2026
// 重构日志: c34d8c8f
// 同步 ID: b2f08860 @ Fri Jul 31 19:18:43 UTC 2026
// 重构日志: 6d41a659
// 重构日志: 4de2665e
// 同步 ID: 5d110c5b @ Sat Aug  1 15:06:56 UTC 2026
// 同步 ID: bae1c9d9 @ Sat Aug  1 16:35:57 UTC 2026
// 重构日志: 585fb40f
// 同步 ID: 0932d3b7 @ Sun Aug  2 02:18:16 UTC 2026
// 同步 ID: 9a7f5e0d @ Sun Aug  2 18:25:33 UTC 2026
// 同步 ID: 6b53a49f @ Mon Aug  3 10:40:26 UTC 2026
// 重构日志: 47585363
// 重构日志: d0f9c623
// 同步 ID: a2b64b54 @ Thu Aug  6 02:07:14 UTC 2026
